{
  "status": "completed",
  "pairs": {
    "I_full_ARI": -0.0009266128509257676,
    "S_full_ARI": 0.008599489989632836,
    "I_1step_ARI": 0.0021468404212631187,
    "S_1step_ARI": 0.0062936771230718835
  },
  "audit": {
    "protocol_id": "v25_e1_v21_matched_nrt_v1",
    "labels_used_during_fit": false,
    "K_used_during_fit": true,
    "K_source": "caller_outer_evaluation",
    "arm_names": [
      "N",
      "R",
      "T"
    ],
    "donor_schedule_hash": "5f235355fe5cf1a5a2bcb646736967455f316ffe51b5337ec1bde9e227f35a93",
    "eligible_schedule_hash": "2c53976f2ea76d16561c78b4f910ee29425eef7658b4c09e1eddf52ce9919734",
    "budget_schedule_hash": "5c4cbb15bfa21c5d90da9062bf8e896cc8c03cc9ece8c03de6a720ab39dd07ff",
    "selection_noise_hash": "74aad789ea71295e8993fdbb221abf502f42d4ba73d279dba14bbc436918fb77",
    "topology_statistics_hash": "8efe0b6c5c18f8871bed6fa0bb30be4604187230c8ed744c5ebe0ff545720cc8",
    "TR_shared_schedule_hashes": {
      "donor": true,
      "eligible": true,
      "budget": true,
      "selection_noise": true
    },
    "none_contract": {
      "assignment_forward_calls": 0,
      "js_forward_calls": 0,
      "shadow_assignment_calls": 200
    },
    "branchpoint": {
      "epoch": 40,
      "head_initialised": true,
      "warmup_branchpoint_before_first_assignment": true
    }
  }
}
