{
  "status": "completed",
  "pairs": {
    "I_full_ARI": -0.07529428341242217,
    "S_full_ARI": 0.08575747781494114,
    "I_1step_ARI": 0.0014565778971906695,
    "S_1step_ARI": -0.0007586078318503331
  },
  "audit": {
    "protocol_id": "v25_e1_v21_matched_nrt_v1",
    "labels_used_during_fit": false,
    "K_used_during_fit": true,
    "K_source": "caller_outer_evaluation",
    "arm_names": [
      "N",
      "R",
      "T"
    ],
    "donor_schedule_hash": "27571c7a753539a4f464489d8514d6db792c539cf8b6a81c7e553080bbd868d0",
    "eligible_schedule_hash": "6a6a1731b245116973f122e86eeba8eb8576c37e01dfd0f8123ea77a2fd6d79e",
    "budget_schedule_hash": "d653ac77a66d14e6a018cf0a2b1c3882eb3285d1ac83c1d44f54d6510514f431",
    "selection_noise_hash": "afda7f0e8072464cea4c3cda14895472aad97e2f7d59e96b4c4a2dde68724c46",
    "topology_statistics_hash": "daf718d16fb6a55d205b824a5f465a24fb27f476e3a76cac524c2bc52ef1cd0c",
    "TR_shared_schedule_hashes": {
      "donor": true,
      "eligible": true,
      "budget": true,
      "selection_noise": true
    },
    "none_contract": {
      "assignment_forward_calls": 0,
      "js_forward_calls": 0,
      "shadow_assignment_calls": 1360
    },
    "branchpoint": {
      "epoch": 40,
      "head_initialised": true,
      "warmup_branchpoint_before_first_assignment": true
    }
  }
}
